---
source: tests/tui.rs
expression: rendered
---
╭Sources───────────────────╮╭Variables (2)─────────────────────────────────────────────────────────╮
│> [x]  req  5 .env.examp… ││> ✗ JWT_SECRET         -                        -                     │
│  [x]  env  4 .env        ││  ✗ REDIS_URL          -                        -                     │
│  [x]  env  2 .env.local  ││                                                                      │
│  [x]  proc  0 process    ││                                                                      │
│                          ││                                                                      │
│                          ││                                                                      │
│                          ││                                                                      │
│                          ││                                                                      │
│                          ││                                                                      │
│                          ││                                                                      │
│                          ││                                                                      │
│                          ││                                                                      │
│                          ││                                                                      │
│                          ││                                                                      │
│                          ││                                                                      │
╰──────────────────────────╯╰──────────────────────────────────────────────────────────────────────╯
╭Details───────────────────────────────────────────────────────────────────────────────────────────╮
│JWT_SECRET (missing)                                                                              │
│effective: <missing>                                                                              │
│                                                                                                  │
│occurrences:                                                                                      │
│.env.example:4 =•••••••• (empty)                                                                  │
│                                                                                                  │
│diagnostics:                                                                                      │
│Error MissingRequired: JWT_SECRET is required but is not defined in any enabled value-bearing s…  │
│                                                                                                  │
│                                                                                                  │
╰──────────────────────────────────────────────────────────────────────────────────────────────────╯
profile=default filter=Missing sort=Key pane=Sources
