---
source: tests/tui.rs
expression: rendered
---
╭Sources───────────────────╮╭Variables (0)─────────────────────────────────────────────────────────╮
│  [x] man pnpm-workspace.…││                                                                      │
│> [x] man turbo.json      ││                                                                      │
│  [x] env .env            ││                                                                      │
│  [x] env apps/api/.env   ││                                                                      │
│  [x] env apps/web/.env   ││                                                                      │
│  [x] proc process        ││                                                                      │
│                          ││                                                                      │
│                          ││                                                                      │
│                          ││                                                                      │
│                          ││                                                                      │
│                          ││                                                                      │
│                          ││                                                                      │
│                          ││                                                                      │
│                          ││                                                                      │
│                          ││                                                                      │
╰──────────────────────────╯╰──────────────────────────────────────────────────────────────────────╯
╭Details───────────────────────────────────────────────────────────────────────────────────────────╮
│turbo.json selected                                                                               │
│discovered; contributes no environment variables in v0.1                                          │
│                                                                                                  │
│                                                                                                  │
│                                                                                                  │
│                                                                                                  │
│                                                                                                  │
│                                                                                                  │
│                                                                                                  │
│                                                                                                  │
╰──────────────────────────────────────────────────────────────────────────────────────────────────╯
profile=default filter=All sort=Key pane=Sources
