---
source: tests/tui.rs
expression: rendered
---
╭Sources───────────────────╮╭Variables (0)─────────────────────────────────────────────────────────╮
│  [x]  man  0 pnpm-works… ││                                                                      │
│> [x]  man  0 turbo.json  ││                                                                      │
│  [x]  env  2 .env        ││                                                                      │
│  [x]  env  2 apps/api/.… ││                                                                      │
│  [x]  env  2 apps/web/.… ││                                                                      │
│  [x]  proc  0 process    ││                                                                      │
│                          ││                                                                      │
│                          ││                                                                      │
│                          ││                                                                      │
│                          ││                                                                      │
│                          ││                                                                      │
│                          ││                                                                      │
│                          ││                                                                      │
│                          ││                                                                      │
│                          ││                                                                      │
╰──────────────────────────╯╰──────────────────────────────────────────────────────────────────────╯
╭Details───────────────────────────────────────────────────────────────────────────────────────────╮
│turbo.json selected                                                                               │
│discovered; contributes no environment variables in v0.1                                          │
│                                                                                                  │
│                                                                                                  │
│                                                                                                  │
│                                                                                                  │
│                                                                                                  │
│                                                                                                  │
│                                                                                                  │
│                                                                                                  │
╰──────────────────────────────────────────────────────────────────────────────────────────────────╯
profile=default filter=All sort=Key pane=Sources
