---
source: tests/tui.rs
expression: rendered
---
╭Sources───────────────────╮╭Variables (2)─────────────────────────────────────────────────────────╮
│> [x]! env  2 .env        ││> ✓ ALSO_VALID         yes                      .env                  │
│  [x]  proc  0 process    ││  ✓ VALID              ok                       .env                  │
│                          ││                                                                      │
│                          ││                                                                      │
│                          ││                                                                      │
│                          ││                                                                      │
│                          ││                                                                      │
│                          ││                                                                      │
│                          ││                                                                      │
│                          ││                                                                      │
│                          ││                                                                      │
│                          ││                                                                      │
│                          ││                                                                      │
│                          ││                                                                      │
│                          ││                                                                      │
╰──────────────────────────╯╰──────────────────────────────────────────────────────────────────────╯
╭Details───────────────────────────────────────────────────────────────────────────────────────────╮
│ALSO_VALID                                                                                        │
│effective: yes from .env                                                                          │
│                                                                                                  │
│occurrences:                                                                                      │
│.env:5 =yes                                                                                       │
│                                                                                                  │
│                                                                                                  │
│                                                                                                  │
│                                                                                                  │
│                                                                                                  │
╰──────────────────────────────────────────────────────────────────────────────────────────────────╯
profile=default filter=All sort=Key pane=Sources
