---
source: tests/tui.rs
expression: rendered
---
╭Sources───────────────────╮╭Variables (4)─────────────────────────────────────────────────────────╮
│  [x] req .env.example    ││  ⚠ API_URL            ${HOST}:5001             .env                  │
│> [x] env .env            ││  🔒  DATABASE_URL       ••••••••                 .env                 │
│  [x] env .env.local      ││  ✓ NODE_ENV           development              .env                  │
│  [x] proc process        ││> ⚠ PORT               5001                     .env.local            │
│                          ││                                                                      │
│                          ││                                                                      │
│                          ││                                                                      │
│                          ││                                                                      │
│                          ││                                                                      │
│                          ││                                                                      │
│                          ││                                                                      │
│                          ││                                                                      │
│                          ││                                                                      │
│                          ││                                                                      │
│                          ││                                                                      │
╰──────────────────────────╯╰──────────────────────────────────────────────────────────────────────╯
╭Details───────────────────────────────────────────────────────────────────────────────────────────╮
│PORT (conflict)                                                                                   │
│effective: 5001 from .env.local                                                                   │
│expanded: showing every occurrence                                                                │
│                                                                                                  │
│occurrences:                                                                                      │
│.env.example:2 = (empty)                                                                          │
│.env:2 =3000                                                                                      │
│.env.local:1 =5001                                                                                │
│                                                                                                  │
│diagnostics:                                                                                      │
╰──────────────────────────────────────────────────────────────────────────────────────────────────╯
profile=default filter=All sort=Key pane=Variables
