---
source: tests/tui.rs
expression: rendered
---
╭Sources───────────────────╮╭Variables (5)─────────────────────────────────────╮
│> [x] req .env.example    ││> 🔒  DATABASE_URL       ••••••••                 .│
│  [x] env .env            ││  ✗ JWT_SECRET         -                        - │
│  [x] env .env.local      ││  ✓ NODE_ENV           development              .e│
│  [x] proc process        ││  ⚠ PORT               5001                     .e│
│                          ││  ✗ REDIS_URL          -                        - │
│                          ││                                                  │
│                          ││                                                  │
│                          ││                                                  │
│                          ││                                                  │
│                          ││                                                  │
│                          ││                                                  │
│                          ││                                                  │
╰──────────────────────────╯╰──────────────────────────────────────────────────╯
╭Details───────────────────────────────────────────────────────────────────────╮
│DATABASE_URL (secret-like)                                                    │
│effective: •••••••• from .env                                                 │
│                                                                              │
│occurrences:                                                                  │
│.env.example:3 =•••••••• (empty)                                              │
│.env:3 =••••••••                                                              │
│                                                                              │
╰──────────────────────────────────────────────────────────────────────────────╯
profile=default filter=All sort=Key pane=Sources
